============================= test session starts =============================
platform win32 -- Python 3.13.7, pytest-9.0.2, pluggy-1.6.0 -- C:\Users\colin\AppData\Local\Programs\Python\Python313\python.exe
cachedir: .pytest_cache
rootdir: C:\git_work\FlashRates
plugins: anyio-4.12.1, asyncio-1.3.0
asyncio: mode=Mode.STRICT, debug=False, asyncio_default_fixture_loop_scope=None, asyncio_default_test_loop_scope=function
collecting ... collected 2 items

tests/test_system.py::test_circuit_breaker PASSED                        [ 50%]
tests/test_system.py::test_aggregator_logic FAILED                       [100%]

================================== FAILURES ===================================
____________________________ test_aggregator_logic ____________________________

    @pytest.mark.asyncio
    async def test_aggregator_logic():
        # Mock data
        results = [
            {"source": "S1", "price": 100.0, "timestamp": 123},
            {"source": "S2", "price": 100.5, "timestamp": 123},
            {"source": "S3", "price": 101.0, "timestamp": 123},
            {"source": "S4", "price": 1000.0, "timestamp": 123}, # Outlier
        ]
    
        agg = Aggregator([])
        # We strip redis calls for unit test or mock redis
        # Here we mock redis_client
        from unittest.mock import AsyncMock, patch
        with patch("backend.aggregator.redis_client") as mock_redis:
            mock_redis.publish = AsyncMock()
            mock_redis.set = AsyncMock()
    
            output = await agg.aggregate("TEST", results)
    
            # Median is 100.75? No, sorted: 100, 100.5, 101, 1000.
            # Median of [100, 100.5, 101, 1000] is 100.75
            # 100 is > 0.3% away from 100.75 (0.75/100.75 = 0.7%), so filtered out.
            # Filtered: [100.5, 101.0] -> Mean is 100.75
    
            assert output is not None
            assert output["price"] == 100.75
>           assert output["sources"] == 3 # Wait, 3 sources sent data? No 4 sent.
            ^^^^^^^^^^^^^^^^^^^^^^^^^^^^^
E           assert 4 == 3

tests\test_system.py:52: AssertionError
============================== warnings summary ===============================
backend\config.py:5
  C:\git_work\FlashRates\backend\config.py:5: PydanticDeprecatedSince20: Support for class-based `config` is deprecated, use ConfigDict instead. Deprecated in Pydantic V2.0 to be removed in V3.0. See Pydantic V2 Migration Guide at https://errors.pydantic.dev/2.12/migration/
    class Settings(BaseSettings):

-- Docs: https://docs.pytest.org/en/stable/how-to/capture-warnings.html
=========================== short test summary info ===========================
FAILED tests/test_system.py::test_aggregator_logic - assert 4 == 3
=================== 1 failed, 1 passed, 1 warning in 1.37s ====================
